// Jest Snapshot v1, https://goo.gl/fbAQLP

exports[`The Tabs snapshot has not changed 1`] = `
<div class="tabs" id="TheTabs">
    <div class="tabs__bar accent">
        <!---->
        <div class="tabs__wrapper">
            <div class="tabs__container tabs__container--grow tabs__container--icons-and-text">
                <div class="tabs__slider-wrapper">
                    <div class="tabs__slider warning"></div>
                </div>
                <div class="tabs__div white--text Tab" id="ProfileTab">
                    <nuxt-link class="tabs__item">John's Profile
                        <i aria-hidden="true" class="icon material-icons">person</i>
                    </nuxt-link>
                </div>
                <div class="tabs__div white--text Tab" id="UnreviewedSkillsTab">
                    <nuxt-link class="tabs__item">John's Unreviewed Skills
                        <i aria-hidden="true" class="icon material-icons">list</i>
                    </nuxt-link>
                </div>
                <div class="tabs__div white--text Tab" id="ReviewedSkillsTab">
                    <nuxt-link class="tabs__item">John's Reviewed Skills
                        <i aria-hidden="true" class="icon material-icons">playlist_add_check</i>
                    </nuxt-link>
                </div>
                <!---->
            </div>
        </div>
        <!---->
    </div>
</div>
`;
