// Jest Snapshot v1, https://goo.gl/fbAQLP

exports[`Skill Card Radio Buttons snapshot has not changed 1`] = `
<div class="layout SkillCardRadioButtons full-width">
    <div class="flex xs6">
        <div role="radiogroup" class="SkillCardRadioGroup input-group input-group--dirty radio-group radio-group--column" data-vv-id="3" aria-required="true" aria-invalid="false">
            <label>Level</label>
            <div class="input-group__input">
                <div role="radio" aria-checked="true" aria-label="Expert" class="SkillCardRadioButton input-group input-group--active input-group--selection-controls radio theme--light success--text" tabindex="0">
                    <label>Expert</label>
                    <div class="input-group__input">
                        <i aria-hidden="true" class="icon icon--selection-control material-icons fade-transition-leave fade-transition-leave-active">radio_button_unchecked</i>
                        <i aria-hidden="true" class="icon icon--selection-control material-icons icon--radio fade-transition-enter fade-transition-enter-active" style="-webkit-transform-origin: top center 0;">radio_button_checked</i>
                        <div class="input-group--selection-controls__ripple"></div>
                        <input name="level" type="radio" value="4" style="display: none;">
                    </div>
                </div>
                <div role="radio" aria-checked="false" aria-label="Practitioner" class="SkillCardRadioButton input-group input-group--selection-controls radio theme--light warning--text" tabindex="0">
                    <label>Practitioner</label>
                    <div class="input-group__input">
                        <i aria-hidden="true" class="icon icon--selection-control material-icons">radio_button_unchecked</i>
                        <div class="input-group--selection-controls__ripple"></div>
                        <input name="level" type="radio" value="3" style="display: none;">
                    </div>
                </div>
                <div role="radio" aria-checked="false" aria-label="Awareness" class="SkillCardRadioButton input-group input-group--selection-controls radio theme--light error--text" tabindex="0">
                    <label>Awareness</label>
                    <div class="input-group__input">
                        <i aria-hidden="true" class="icon icon--selection-control material-icons">radio_button_unchecked</i>
                        <div class="input-group--selection-controls__ripple"></div>
                        <input name="level" type="radio" value="2" style="display: none;">
                    </div>
                </div>
            </div>
            <div class="input-group__details">
                <!---->
            </div>
        </div>
    </div>
    <div class="flex xs6">
        <div role="radiogroup" class="SkillCardRadioGroup input-group input-group--dirty radio-group radio-group--column" data-vv-id="4" aria-required="true" aria-invalid="false">
            <label>Currency</label>
            <div class="input-group__input">
                <div role="radio" aria-checked="true" aria-label="Current" class="SkillCardRadioButton input-group input-group--active input-group--selection-controls radio theme--light success--text" tabindex="0">
                    <label>Current</label>
                    <div class="input-group__input">
                        <i aria-hidden="true" class="icon icon--selection-control material-icons fade-transition-leave fade-transition-leave-active">radio_button_unchecked</i>
                        <i aria-hidden="true" class="icon icon--selection-control material-icons icon--radio fade-transition-enter fade-transition-enter-active" style="-webkit-transform-origin: top center 0;">radio_button_checked</i>
                        <div class="input-group--selection-controls__ripple"></div>
                        <input name="currency" type="radio" value="2" style="display: none;">
                    </div>
                </div>
                <div role="radio" aria-checked="false" aria-label="Fading" class="SkillCardRadioButton input-group input-group--selection-controls radio theme--light warning--text" tabindex="0">
                    <label>Fading</label>
                    <div class="input-group__input">
                        <i aria-hidden="true" class="icon icon--selection-control material-icons">radio_button_unchecked</i>
                        <div class="input-group--selection-controls__ripple"></div>
                        <input name="currency" type="radio" value="3" style="display: none;">
                    </div>
                </div>
                <div role="radio" aria-checked="false" aria-label="Historic" class="SkillCardRadioButton input-group input-group--selection-controls radio theme--light error--text" tabindex="0">
                    <label>Historic</label>
                    <div class="input-group__input">
                        <i aria-hidden="true" class="icon icon--selection-control material-icons">radio_button_unchecked</i>
                        <div class="input-group--selection-controls__ripple"></div>
                        <input name="currency" type="radio" value="4" style="display: none;">
                    </div>
                </div>
            </div>
            <div class="input-group__details">
                <!---->
            </div>
        </div>
    </div>
</div>
`;
