// Jest Snapshot v1, https://goo.gl/fbAQLP

exports[`The Breadcrumbs snapshot has not changed 1`] = `
<ul class="breadcrumbs" id="TheBreadcrumbs">
    <li class="BreadcrumbItem">
        <nuxt-link class="breadcrumbs__item">John Doe</nuxt-link>
    </li>
    <li class="breadcrumbs__divider">/</li>
    <li class="BreadcrumbItem">
        <nuxt-link class="breadcrumbs__item">Jane Doe</nuxt-link>
    </li>
    <li class="breadcrumbs__divider">/</li>
    <li class="BreadcrumbItem">
        <nuxt-link class="breadcrumbs__item">Jake Doe</nuxt-link>
    </li>
</ul>
`;
